C:\Users\lilNiBBa\Downloads\LABAFINAL\Logical\Global.typ
C:\Users\lilNiBBa\Downloads\LABAFINAL\Logical\Global.var
C:\Users\lilNiBBa\Downloads\LABAFINAL\Logical\Libraries\Runtime\runtime.fun
C:\Users\lilNiBBa\Downloads\LABAFINAL\Logical\Libraries\Runtime\runtime.typ
C:\Users\lilNiBBa\Downloads\LABAFINAL\Logical\Libraries\Runtime\runtime.var
C:\Users\lilNiBBa\Downloads\LABAFINAL\Logical\Libraries\X64Lib\X64Lib.typ
C:\Users\lilNiBBa\Downloads\LABAFINAL\Logical\Libraries\X64Lib\X64Lib.var
C:\Users\lilNiBBa\Downloads\LABAFINAL\Logical\Libraries\X64Lib\X64Lib.fun
C:\Users\lilNiBBa\Downloads\LABAFINAL\Logical\Libraries\Operator\operator.fun
C:\Users\lilNiBBa\Downloads\LABAFINAL\Logical\Libraries\Operator\operator.typ
C:\Users\lilNiBBa\Downloads\LABAFINAL\Logical\Libraries\Operator\operator.var
C:\Users\lilNiBBa\Downloads\LABAFINAL\Logical\Libraries\AsIecCon\AsIecCon.fun
C:\Users\lilNiBBa\Downloads\LABAFINAL\Logical\Libraries\AsIecCon\AsIecCon.typ
C:\Users\lilNiBBa\Downloads\LABAFINAL\Logical\Libraries\AsIecCon\AsIecCon.var
C:\Users\lilNiBBa\Downloads\LABAFINAL\Logical\Libraries\astime\astime.fun
C:\Users\lilNiBBa\Downloads\LABAFINAL\Logical\Libraries\astime\astime.typ
C:\Users\lilNiBBa\Downloads\LABAFINAL\Logical\Libraries\astime\astime.var
C:\Users\lilNiBBa\Downloads\LABAFINAL\Logical\Libraries\sys_lib\sys_lib.fun
C:\Users\lilNiBBa\Downloads\LABAFINAL\Logical\Libraries\sys_lib\sys_lib.typ
C:\Users\lilNiBBa\Downloads\LABAFINAL\Logical\Libraries\sys_lib\sys_lib.var
C:\Users\lilNiBBa\Downloads\LABAFINAL\Logical\Libraries\asstring\asstring.fun
C:\Users\lilNiBBa\Downloads\LABAFINAL\Logical\Libraries\asstring\asstring.typ
C:\Users\lilNiBBa\Downloads\LABAFINAL\Logical\Libraries\asstring\asstring.var
C:\Users\lilNiBBa\Downloads\LABAFINAL\Logical\Libraries\GateCtrl\Types.typ
C:\Users\lilNiBBa\Downloads\LABAFINAL\Logical\Libraries\GateCtrl\Constants.var
C:\Users\lilNiBBa\Downloads\LABAFINAL\Logical\Libraries\GateCtrl\GateCtrl.fun
